// Vitest Snapshot v1, https://vitest.dev/guide/snapshot.html

exports[`ProductList > mounts without error 1`] = `
"<div class="surface-ground px-4 py-8 md:px-6 lg:px-8">
  <div class="text-900 font-bold text-6xl mb-4 text-center">Products</div>
  <div class="p-toolbar p-component" role="toolbar" data-pc-name="toolbar" data-pc-section="root">
    <div class="p-toolbar-group-start p-toolbar-group-left" data-pc-section="start"><button class="p-button p-component" type="button" aria-label="Create Product" data-pc-name="button" data-pc-section="root"><span class="p-button-icon p-button-icon-left pi pi-plus" data-pc-section="icon"></span><span class="p-button-label" data-pc-section="label">Create Product</span>
        <!---->
      </button></div>
    <div class="p-toolbar-group-center" data-pc-section="center"></div>
    <div class="p-toolbar-group-end p-toolbar-group-right" data-pc-section="end"></div>
  </div>
  <!--v-if-->
  <div class="grid"></div>
</div>
<toast-stub></toast-stub>"
`;
